Archive member included to satisfy reference by file (symbol)

/usr/lib/gcc/avr/5.4.0/avr5/libgcc.a(_mulsi3.o)
                              ../Obj/mega328_T4_v2_st7565/ReadADC.o (__mulsi3)
/usr/lib/gcc/avr/5.4.0/avr5/libgcc.a(_udivmodqi4.o)
                              ../Obj/mega328_T4_v2_st7565/function_menu.o (__udivmodqi4)
/usr/lib/gcc/avr/5.4.0/avr5/libgcc.a(_udivmodhi4.o)
                              ../Obj/mega328_T4_v2_st7565/RefVoltage.o (__udivmodhi4)
/usr/lib/gcc/avr/5.4.0/avr5/libgcc.a(_divmodhi4.o)
                              ../Obj/mega328_T4_v2_st7565/function_menu.o (__divmodhi4)
/usr/lib/gcc/avr/5.4.0/avr5/libgcc.a(_udivmodsi4.o)
                              ../Obj/mega328_T4_v2_st7565/DisplayValue.o (__udivmodsi4)
/usr/lib/gcc/avr/5.4.0/avr5/libgcc.a(_divmodsi4.o)
                              ../Obj/mega328_T4_v2_st7565/main.o (__divmodsi4)
/usr/lib/gcc/avr/5.4.0/avr5/libgcc.a(_negsi2.o)
                              /usr/lib/gcc/avr/5.4.0/avr5/libgcc.a(_divmodsi4.o) (__negsi2)
/usr/lib/gcc/avr/5.4.0/avr5/libgcc.a(_exit.o)
                              /usr/lib/gcc/avr/5.4.0/../../../avr/lib/avr5/crtatmega328p.o (exit)
/usr/lib/gcc/avr/5.4.0/avr5/libgcc.a(_clear_bss.o)
                              ../Obj/mega328_T4_v2_st7565/lcd-routines.o (__do_clear_bss)
/usr/lib/gcc/avr/5.4.0/avr5/libgcc.a(_umulhisi3.o)
                              ../Obj/mega328_T4_v2_st7565/main.o (__umulhisi3)
/usr/lib/gcc/avr/5.4.0/avr5/libgcc.a(_usmulhisi3.o)
                              ../Obj/mega328_T4_v2_st7565/main.o (__usmulhisi3)
/usr/lib/gcc/avr/5.4.0/avr5/libgcc.a(_muluhisi3.o)
                              ../Obj/mega328_T4_v2_st7565/main.o (__muluhisi3)
/usr/lib/gcc/avr/5.4.0/avr5/libgcc.a(_mulshisi3.o)
                              ../Obj/mega328_T4_v2_st7565/ReadCapacity.o (__mulshisi3)
/usr/lib/gcc/avr/5.4.0/avr5/libgcc.a(_umulsidi3.o)
                              ../Obj/mega328_T4_v2_st7565/GetFrequency.o (__umulsidi3)
/usr/lib/gcc/avr/5.4.0/avr5/libgcc.a(_udivdi3.o)
                              ../Obj/mega328_T4_v2_st7565/GetFrequency.o (__udivdi3)
/usr/lib/gcc/avr/5.4.0/avr5/libgcc.a(_udivmod64.o)
                              /usr/lib/gcc/avr/5.4.0/avr5/libgcc.a(_udivdi3.o) (__udivmod64)
/usr/lib/gcc/avr/5.4.0/avr5/libgcc.a(_prologue.o)
                              ../Obj/mega328_T4_v2_st7565/lcd-routines.o (__prologue_saves__)
/usr/lib/gcc/avr/5.4.0/avr5/libgcc.a(_epilogue.o)
                              ../Obj/mega328_T4_v2_st7565/lcd-routines.o (__epilogue_restores__)
/usr/lib/gcc/avr/5.4.0/avr5/libgcc.a(_muldi3_6.o)
                              /usr/lib/gcc/avr/5.4.0/avr5/libgcc.a(_umulsidi3.o) (__muldi3_6)
/usr/lib/gcc/avr/5.4.0/../../../avr/lib/avr5/libc.a(ultoa_ncheck.o)
                              ../Obj/mega328_T4_v2_st7565/DisplayValue.o (__ultoa_ncheck)
/usr/lib/gcc/avr/5.4.0/../../../avr/lib/avr5/libc.a(utoa.o)
                              ../Obj/mega328_T4_v2_st7565/i2lcd.o (utoa)
/usr/lib/gcc/avr/5.4.0/../../../avr/lib/avr5/libc.a(utoa_ncheck.o)
                              /usr/lib/gcc/avr/5.4.0/../../../avr/lib/avr5/libc.a(utoa.o) (__utoa_ncheck)
/usr/lib/gcc/avr/5.4.0/../../../avr/lib/avr5/libc.a(strrev.o)
                              /usr/lib/gcc/avr/5.4.0/../../../avr/lib/avr5/libc.a(ultoa_ncheck.o) (strrev)
/usr/lib/gcc/avr/5.4.0/../../../avr/lib/avr5/libatmega328p.a(eerd_byte.o)
                              ../Obj/mega328_T4_v2_st7565/lcd-routines.o (eeprom_read_byte)
/usr/lib/gcc/avr/5.4.0/../../../avr/lib/avr5/libatmega328p.a(eerd_word.o)
                              ../Obj/mega328_T4_v2_st7565/RefVoltage.o (eeprom_read_word)
/usr/lib/gcc/avr/5.4.0/../../../avr/lib/avr5/libatmega328p.a(eewr_byte.o)
                              ../Obj/mega328_T4_v2_st7565/main.o (eeprom_write_byte)
/usr/lib/gcc/avr/5.4.0/../../../avr/lib/avr5/libatmega328p.a(eewr_word.o)
                              ../Obj/mega328_T4_v2_st7565/main.o (eeprom_write_word)
/usr/lib/gcc/avr/5.4.0/../../../avr/lib/avr5/libatmega328p.a(eerd_block.o)
                              /usr/lib/gcc/avr/5.4.0/../../../avr/lib/avr5/libatmega328p.a(eerd_word.o) (eeprom_read_blraw)

Allocating common symbols
Common symbol       size              file

diode_sequence      0x1               ../Obj/mega328_T4_v2_st7565/main.o
ext_freq            0x4               ../Obj/mega328_T4_v2_st7565/main.o
display_time        0x2               ../Obj/mega328_T4_v2_st7565/main.o
rotary              0x7               ../Obj/mega328_T4_v2_st7565/main.o
lc_fx               0x4               ../Obj/mega328_T4_v2_st7565/sampling_lc.o
resis680mi          0x2               ../Obj/mega328_T4_v2_st7565/main.o
icon_yy             0x1               ../Obj/mega328_T4_v2_st7565/lcd-routines.o
ref_mv_offs         0x2               ../Obj/mega328_T4_v2_st7565/main.o
NumOfDiodes         0x1               ../Obj/mega328_T4_v2_st7565/main.o
PartMode            0x1               ../Obj/mega328_T4_v2_st7565/main.o
[...]
Memory Configuration

Name             Origin             Length             Attributes
text             0x0000000000000000 0x0000000000008000 xr
data             0x0000000000800100 0x0000000000000800 rw !x
eeprom           0x0000000000810000 0x0000000000000400 rw !x
fuse             0x0000000000820000 0x0000000000000003 rw !x
lock             0x0000000000830000 0x0000000000000400 rw !x
signature        0x0000000000840000 0x0000000000000400 rw !x
user_signatures  0x0000000000850000 0x0000000000000400 rw !x
*default*        0x0000000000000000 0xffffffffffffffff

Linker script and memory map

Address of section .data set to 0x800100
LOAD /usr/lib/gcc/avr/5.4.0/../../../avr/lib/avr5/crtatmega328p.o
LOAD ../Obj/mega328_T4_v2_st7565/lcd_hw_4_bit.o
LOAD ../Obj/mega328_T4_v2_st7565/lcd-routines.o
LOAD ../Obj/mega328_T4_v2_st7565/i2lcd.o
LOAD ../Obj/mega328_T4_v2_st7565/PinLayout.o
LOAD ../Obj/mega328_T4_v2_st7565/RvalOut.o
LOAD ../Obj/mega328_T4_v2_st7565/UfAusgabe.o
LOAD ../Obj/mega328_T4_v2_st7565/DisplayValue.o
LOAD ../Obj/mega328_T4_v2_st7565/lcd-draw.o
LOAD ../Obj/mega328_T4_v2_st7565/swuart.o
LOAD ../Obj/mega328_T4_v2_st7565/wait1000ms.o
LOAD ../Obj/mega328_T4_v2_st7565/sleep_5ms.o
LOAD ../Obj/mega328_T4_v2_st7565/ReadADC.o
LOAD ../Obj/mega328_T4_v2_st7565/wait_for_key_ms.o
LOAD ../Obj/mega328_T4_v2_st7565/RefVoltage.o
LOAD ../Obj/mega328_T4_v2_st7565/main.o
LOAD ../Obj/mega328_T4_v2_st7565/Battery_check.o
LOAD ../Obj/mega328_T4_v2_st7565/CheckPins.o
LOAD ../Obj/mega328_T4_v2_st7565/GetResistance.o
LOAD ../Obj/mega328_T4_v2_st7565/ChargePin10ms.o
LOAD ../Obj/mega328_T4_v2_st7565/EntladePins.o
LOAD ../Obj/mega328_T4_v2_st7565/ReadCapacity.o
LOAD ../Obj/mega328_T4_v2_st7565/GetRLmultip.o
LOAD ../Obj/mega328_T4_v2_st7565/Calibrate_UR.o
LOAD ../Obj/mega328_T4_v2_st7565/show_Resis_Cap.o
LOAD ../Obj/mega328_T4_v2_st7565/get_log.o
LOAD ../Obj/mega328_T4_v2_st7565/ReadInductance.o
LOAD ../Obj/mega328_T4_v2_st7565/GetESR.o
LOAD ../Obj/mega328_T4_v2_st7565/GetVloss.o
LOAD ../Obj/mega328_T4_v2_st7565/function_menu.o
LOAD ../Obj/mega328_T4_v2_st7565/message_key_released.o
LOAD ../Obj/mega328_T4_v2_st7565/GetFrequency.o
LOAD ../Obj/mega328_T4_v2_st7565/ReadBigCap.o
LOAD ../Obj/mega328_T4_v2_st7565/CheckRotaryEncoder.o
LOAD ../Obj/mega328_T4_v2_st7565/CalibrationCap.o
LOAD ../Obj/mega328_T4_v2_st7565/CheckUJT.o
LOAD ../Obj/mega328_T4_v2_st7565/ShowData.o
LOAD ../Obj/mega328_T4_v2_st7565/EE_check_init.o
LOAD ../Obj/mega328_T4_v2_st7565/samplingADC.o
LOAD ../Obj/mega328_T4_v2_st7565/sampling_cap.o
LOAD ../Obj/mega328_T4_v2_st7565/sampling_lc.o
LOAD ../Obj/mega328_T4_v2_st7565/sampling_xtal.o
START GROUP
LOAD /usr/lib/gcc/avr/5.4.0/avr5/libgcc.a
LOAD /usr/lib/gcc/avr/5.4.0/../../../avr/lib/avr5/libm.a
LOAD /usr/lib/gcc/avr/5.4.0/../../../avr/lib/avr5/libc.a
LOAD /usr/lib/gcc/avr/5.4.0/../../../avr/lib/avr5/libatmega328p.a
END GROUP
                0x0000000000000000                __TEXT_REGION_ORIGIN__ = DEFINED (__TEXT_REGION_ORIGIN__)?__TEXT_REGION_ORIGIN__:0x0
                [0x0000000000800100]                __DATA_REGION_ORIGIN__ = DEFINED (__DATA_REGION_ORIGIN__)?__DATA_REGION_ORIGIN__:0x800060
                [0x0000000000008000]                __TEXT_REGION_LENGTH__ = DEFINED (__TEXT_REGION_LENGTH__)?__TEXT_REGION_LENGTH__:0x20000
                [0x0000000000000800]                __DATA_REGION_LENGTH__ = DEFINED (__DATA_REGION_LENGTH__)?__DATA_REGION_LENGTH__:0xffa0
                [0x0000000000000400]                __EEPROM_REGION_LENGTH__ = DEFINED (__EEPROM_REGION_LENGTH__)?__EEPROM_REGION_LENGTH__:0x10000
                [0x0000000000000003]                __FUSE_REGION_LENGTH__ = DEFINED (__FUSE_REGION_LENGTH__)?__FUSE_REGION_LENGTH__:0x400
                0x0000000000000400                __LOCK_REGION_LENGTH__ = DEFINED (__LOCK_REGION_LENGTH__)?__LOCK_REGION_LENGTH__:0x400
                0x0000000000000400                __SIGNATURE_REGION_LENGTH__ = DEFINED (__SIGNATURE_REGION_LENGTH__)?__SIGNATURE_REGION_LENGTH__:0x400
                0x0000000000000400                __USER_SIGNATURE_REGION_LENGTH__ = DEFINED (__USER_SIGNATURE_REGION_LENGTH__)?__USER_SIGNATURE_REGION_LENGTH__:0x400

.hash
 *(.hash)

.dynsym
 *(.dynsym)

.dynstr
 *(.dynstr)

.gnu.version
 *(.gnu.version)

.gnu.version_d
 *(.gnu.version_d)

.gnu.version_r
 *(.gnu.version_r)

.rel.init
 *(.rel.init)

.rela.init
 *(.rela.init)

.rel.text
 *(.rel.text)
 *(.rel.text.*)
 *(.rel.gnu.linkonce.t*)

.rela.text
 *(.rela.text)
 *(.rela.text.*)
 *(.rela.gnu.linkonce.t*)

.rel.fini
 *(.rel.fini)

.rela.fini
 *(.rela.fini)

.rel.rodata
 *(.rel.rodata)
 *(.rel.rodata.*)
 *(.rel.gnu.linkonce.r*)

.rela.rodata
 *(.rela.rodata)
 *(.rela.rodata.*)
 *(.rela.gnu.linkonce.r*)

.rel.data
 *(.rel.data)
 *(.rel.data.*)
 *(.rel.gnu.linkonce.d*)

.rela.data
 *(.rela.data)
 *(.rela.data.*)
 *(.rela.gnu.linkonce.d*)

.rel.ctors
 *(.rel.ctors)

.rela.ctors
 *(.rela.ctors)

.rel.dtors
 *(.rel.dtors)

.rela.dtors
 *(.rela.dtors)

.rel.got
 *(.rel.got)

.rela.got
 *(.rela.got)

.rel.bss
 *(.rel.bss)

.rela.bss
 *(.rela.bss)

.rel.plt
 *(.rel.plt)

.rela.plt
 *(.rela.plt)

.text           0x0000000000000000     0x70cc
 *(.vectors)
 .vectors       0x0000000000000000       0x68 /usr/lib/gcc/avr/5.4.0/../../../avr/lib/avr5/crtatmega328p.o
                0x0000000000000000                __vectors
                0x0000000000000000                __vector_default
 *(.vectors)
 *(.progmem.gcc*)
 .progmem.gcc   0x0000000000000068      0x128 ../Obj/mega328_T4_v2_st7565/samplingADC.o
                0x0000000000000068                samplingADC
                0x0000000000000068                samplingADC_freqgen_sck
                0x0000000000000068                samplingADC_freqgen
                0x0000000000000190                . = ALIGN (0x2)
                0x0000000000000190                __trampolines_start = .
 *(.trampolines)
 .trampolines   0x0000000000000190        0x0 linker stubs
 *(.trampolines*)
                0x0000000000000190                __trampolines_end = .
 *libprintf_flt.a:*(.progmem.data)
 *libc.a:*(.progmem.data)
 *(.progmem*)
 .progmem.data.bmp_number
                0x0000000000000190        0x6 ../Obj/mega328_T4_v2_st7565/lcd-draw.o
 .progmem.data.bmp_vakdiode
                0x0000000000000196       0x20 ../Obj/mega328_T4_v2_st7565/main.o
                0x0000000000000196                bmp_vakdiode
 .progmem.data.bmp_three_data
                0x00000000000001b6        0x9 ../Obj/mega328_T4_v2_st7565/main.o
                0x00000000000001b6                bmp_three_data
 .progmem.data.bmp_two_data
                0x00000000000001bf        0x9 ../Obj/mega328_T4_v2_st7565/main.o
                0x00000000000001bf                bmp_two_data
 .progmem.data.bmp_one_data
                0x00000000000001c8        0x9 ../Obj/mega328_T4_v2_st7565/main.o
                0x00000000000001c8                bmp_one_data
 .progmem.data.bmp_pnp
                0x00000000000001d1        0x9 ../Obj/mega328_T4_v2_st7565/main.o
                0x00000000000001d1                bmp_pnp
 .progmem.data.bmp_p_jfet
                0x00000000000001da        0x7 ../Obj/mega328_T4_v2_st7565/main.o
                0x00000000000001da                bmp_p_jfet
 .progmem.data.bmp_p_d_mos
                0x00000000000001e1       0x12 ../Obj/mega328_T4_v2_st7565/main.o
                0x00000000000001e1                bmp_p_d_mos
 .progmem.data.bmp_n_d_mos
                0x00000000000001f3        0x6 ../Obj/mega328_T4_v2_st7565/main.o
                0x00000000000001f3                bmp_n_d_mos
 .progmem.data.bmp_p_e_mos
                0x00000000000001f9        0xa ../Obj/mega328_T4_v2_st7565/main.o
                0x00000000000001f9                bmp_p_e_mos
 .progmem.data.bmp_p_d_igbt
                0x0000000000000203       0x24 ../Obj/mega328_T4_v2_st7565/main.o
                0x0000000000000203                bmp_p_d_igbt
 .progmem.data.bmp_n_d_igbt
                0x0000000000000227        0xc ../Obj/mega328_T4_v2_st7565/main.o
                0x0000000000000227                bmp_n_d_igbt
 .progmem.data.bmp_p_e_igbt
                0x0000000000000233       0x18 ../Obj/mega328_T4_v2_st7565/main.o
                0x0000000000000233                bmp_p_e_igbt
 .progmem.data.PinRLRHADCtab
                0x000000000000024b        0x6 ../Obj/mega328_T4_v2_st7565/main.o
                0x000000000000024b                PinRLRHADCtab
 .progmem.data.HelpCalibration_str
                0x0000000000000251       0x10 ../Obj/mega328_T4_v2_st7565/main.o
                0x0000000000000251                HelpCalibration_str
 .progmem.data.RHtab
                0x0000000000000261       0x12 ../Obj/mega328_T4_v2_st7565/main.o
                0x0000000000000261                RHtab
 .progmem.data.LogTab
                0x0000000000000273       0x66 ../Obj/mega328_T4_v2_st7565/main.o
                0x0000000000000273                LogTab
 .progmem.data.bigfont
                0x00000000000002d9      0x2a0 ../Obj/mega328_T4_v2_st7565/main.o
                0x00000000000002d9                bigfont
 .progmem.data.nfont
                0x0000000000000579      0x578 ../Obj/mega328_T4_v2_st7565/main.o
                0x0000000000000579                nfont
 .progmem.data.sfont
                0x0000000000000af1       0x90 ../Obj/mega328_T4_v2_st7565/main.o
                0x0000000000000af1                sfont
                0x0000000000000b82                . = ALIGN (0x2)
 *fill*         0x0000000000000b81        0x1 
 *(.jumptables)
 *(.jumptables*)
 *(.lowtext)
 *(.lowtext*)
                0x0000000000000b82                __ctors_start = .
 *(.ctors)
                0x0000000000000b82                __ctors_end = .
                0x0000000000000b82                __dtors_start = .
 *(.dtors)
                0x0000000000000b82                __dtors_end = .
 SORT(*)(.ctors)
 SORT(*)(.dtors)
 *(.init0)
 .init0         0x0000000000000b82        0x0 /usr/lib/gcc/avr/5.4.0/../../../avr/lib/avr5/crtatmega328p.o
                0x0000000000000b82                __init
 *(.init0)
 *(.init1)
 *(.init1)
 *(.init2)
 .init2         0x0000000000000b82        0xc /usr/lib/gcc/avr/5.4.0/../../../avr/lib/avr5/crtatmega328p.o
 *(.init2)
 *(.init3)
 *(.init3)
 *(.init4)
 .init4         0x0000000000000b8e       0x10 /usr/lib/gcc/avr/5.4.0/avr5/libgcc.a(_clear_bss.o)
                0x0000000000000b8e                __do_clear_bss
 *(.init4)
 *(.init5)
 *(.init5)
 *(.init6)
 *(.init6)
 *(.init7)
 *(.init7)
 *(.init8)
 *(.init8)
 *(.init9)
 .init9         0x0000000000000b9e        0x8 /usr/lib/gcc/avr/5.4.0/../../../avr/lib/avr5/crtatmega328p.o
 *(.init9)
 *(.text)
 .text          0x0000000000000ba6        0x2 /usr/lib/gcc/avr/5.4.0/../../../avr/lib/avr5/crtatmega328p.o
                0x0000000000000ba6                __vector_22
                0x0000000000000ba6                __vector_1
                0x0000000000000ba6                __vector_24
                0x0000000000000ba6                __bad_interrupt
                0x0000000000000ba6                __vector_6
                0x0000000000000ba6                __vector_3
                0x0000000000000ba6                __vector_23
                0x0000000000000ba6                __vector_25
                0x0000000000000ba6                __vector_17
                0x0000000000000ba6                __vector_19
                0x0000000000000ba6                __vector_4
                0x0000000000000ba6                __vector_9
                0x0000000000000ba6                __vector_2
                0x0000000000000ba6                __vector_15
                0x0000000000000ba6                __vector_8
                0x0000000000000ba6                __vector_14
                0x0000000000000ba6                __vector_18
                0x0000000000000ba6                __vector_20
 .text          0x0000000000000ba8       0x78 ../Obj/mega328_T4_v2_st7565/lcd_hw_4_bit.o
                0x0000000000000ba8                _lcd_hw_write
 .text          0x0000000000000c20       0x36 ../Obj/mega328_T4_v2_st7565/i2lcd.o
                0x0000000000000c20                i2lcd
                0x0000000000000c36                u2lcd
                0x0000000000000c44                i2lcd_space
                0x0000000000000c48                u2lcd_space
                0x0000000000000c4a                lcd_space
                0x0000000000000c4e                lcd_minus
                0x0000000000000c52                lcd_equal
 .text          0x0000000000000c56       0x8e ../Obj/mega328_T4_v2_st7565/PinLayout.o
                0x0000000000000c56                PinLayout
                0x0000000000000ca4                PinLayoutLine
                0x0000000000000cd0                Rnum2pins
 .text          0x0000000000000ce4       0x4a ../Obj/mega328_T4_v2_st7565/RvalOut.o
                0x0000000000000ce4                RvalOut
 .text          0x0000000000000d2e       0xbe ../Obj/mega328_T4_v2_st7565/UfAusgabe.o
                0x0000000000000d2e                mVAusgabe
                0x0000000000000d4a                UfAusgabe
                0x0000000000000d76                SerienDiodenAusgabe
                0x0000000000000d98                DiodeSymbol_withPins
                0x0000000000000db0                DiodeSymbol_ApinCpin
                0x0000000000000dbc                DiodeSymbol_ACpin
                0x0000000000000dce                DiodeSymbol_CpinApin
                0x0000000000000dda                DiodeSymbol_CApin
 .text          0x0000000000000dec       0x4a ../Obj/mega328_T4_v2_st7565/wait1000ms.o
                0x0000000000000dec                wait5s
                0x0000000000000dee                wait4s
                0x0000000000000df0                wait3s
                0x0000000000000df2                wait2s
                0x0000000000000df4                wait1000ms
                0x0000000000000df4                wait1s
                0x0000000000000df6                wait500ms
                0x0000000000000df8                wait400ms
                0x0000000000000dfa                wait300ms
                0x0000000000000dfc                wait200ms
                0x0000000000000dfe                wait100ms
                0x0000000000000e00                wait50ms
                0x0000000000000e02                wait40ms
                0x0000000000000e04                wait30ms
                0x0000000000000e06                wait20ms
                0x0000000000000e08                wait10ms
                0x0000000000000e0a                wait5ms
                0x0000000000000e0e                wait4ms
                0x0000000000000e10                wait3ms
                0x0000000000000e12                wait2ms
                0x0000000000000e14                wait1ms
                0x0000000000000e16                wait500us
                0x0000000000000e18                wait400us
                0x0000000000000e1a                wait300us
                0x0000000000000e1c                wait200us
                0x0000000000000e1e                wait100us
                0x0000000000000e20                wait50us
                0x0000000000000e22                wait40us
                0x0000000000000e24                wait30us
                0x0000000000000e26                wait20us
                0x0000000000000e28                wait10us
                0x0000000000000e2a                wait5us
                0x0000000000000e2c                wait4us
                0x0000000000000e2e                wait3us
                0x0000000000000e30                wait2us
                0x0000000000000e32                wait1us
 .text          0x0000000000000e36       0x5a ../Obj/mega328_T4_v2_st7565/sleep_5ms.o
                0x0000000000000e36                sleep_10ms
                0x0000000000000e38                sleep_5ms
 .text          0x0000000000000e90       0xfa ../Obj/mega328_T4_v2_st7565/ReadADC.o
                0x0000000000000e90                W20msReadADC
                0x0000000000000e98                W10msReadADC
                0x0000000000000e9e                W5msReadADC
                0x0000000000000ea6                ReadADC
                0x0000000000000f62                abs_diff
                0x0000000000000f6e                vcc_diff
                0x0000000000000f78                unsigned_diff
 .text          0x0000000000000f8a       0xa6 ../Obj/mega328_T4_v2_st7565/RefVoltage.o
                0x0000000000000f8a                RefVoltage
 .text          0x0000000000001030       0x7e ../Obj/mega328_T4_v2_st7565/GetRLmultip.o
                0x0000000000001030                GetRLmultip
 .text          0x00000000000010ae       0x48 ../Obj/mega328_T4_v2_st7565/get_log.o
                0x00000000000010ae                get_log
 .text          0x00000000000010f6      0x34a ../Obj/mega328_T4_v2_st7565/GetESR.o
                0x00000000000010f6                GetESR
                0x0000000000001440                . = ALIGN (0x2)
 *(.text.*)
 .text.lcd_spaces
                0x0000000000001440       0x12 ../Obj/mega328_T4_v2_st7565/lcd-routines.o
                0x0000000000001440                lcd_spaces
 .text.lcd_set_cursor
                0x0000000000001452       0x1a ../Obj/mega328_T4_v2_st7565/lcd-routines.o
                0x0000000000001452                lcd_set_cursor
 .text.lcd_line1
                0x000000000000146c        0xc ../Obj/mega328_T4_v2_st7565/lcd-routines.o
                0x000000000000146c                lcd_line1
 .text.lcd_line2
                0x0000000000001478        0xe ../Obj/mega328_T4_v2_st7565/lcd-routines.o
                0x0000000000001478                lcd_line2
 .text.lcd_line3
                0x0000000000001486        0xe ../Obj/mega328_T4_v2_st7565/lcd-routines.o
                0x0000000000001486                lcd_line3
 .text.lcd_line4
                0x0000000000001494        0xe ../Obj/mega328_T4_v2_st7565/lcd-routines.o
                0x0000000000001494                lcd_line4
 .text.lcd_save_position
                0x00000000000014a2       0x12 ../Obj/mega328_T4_v2_st7565/lcd-routines.o
                0x00000000000014a2                lcd_save_position
 .text.lcd_restore_position
                0x00000000000014b4        0xe ../Obj/mega328_T4_v2_st7565/lcd-routines.o
                0x00000000000014b4                lcd_restore_position
 .text.lcd_command
                0x00000000000014c2        0x8 ../Obj/mega328_T4_v2_st7565/lcd-routines.o
                0x00000000000014c2                lcd_command
 .text.lcd_powersave
                0x00000000000014ca        0xa ../Obj/mega328_T4_v2_st7565/lcd-routines.o
                0x00000000000014ca                lcd_powersave
 .text.lcd_clear
                0x00000000000014d4       0x2e ../Obj/mega328_T4_v2_st7565/lcd-routines.o
                0x00000000000014d4                lcd_clear
 .text.lcd_init
                0x0000000000001502       0x6a ../Obj/mega328_T4_v2_st7565/lcd-routines.o
                0x0000000000001502                lcd_init
 .text.lcd_clear_line
                0x000000000000156c        0xc ../Obj/mega328_T4_v2_st7565/lcd-routines.o
                0x000000000000156c                lcd_clear_line
 .text.lcd_next_line
                0x0000000000001578       0x34 ../Obj/mega328_T4_v2_st7565/lcd-routines.o
                0x0000000000001578                lcd_next_line
 .text.lcd_next_line_wait
                0x00000000000015ac        0x6 ../Obj/mega328_T4_v2_st7565/lcd-routines.o
                0x00000000000015ac                lcd_next_line_wait
 .text.lcd_clear_line1
                0x00000000000015b2        0x8 ../Obj/mega328_T4_v2_st7565/lcd-routines.o
                0x00000000000015b2                lcd_clear_line1
 .text.lcd_clear_line2
                0x00000000000015ba        0x8 ../Obj/mega328_T4_v2_st7565/lcd-routines.o
                0x00000000000015ba                lcd_clear_line2
 .text.reverse_byte
                0x00000000000015c2       0x20 ../Obj/mega328_T4_v2_st7565/lcd-routines.o
                0x00000000000015c2                reverse_byte
 .text.lcd_set_pixels
                0x00000000000015e2       0xf4 ../Obj/mega328_T4_v2_st7565/lcd-routines.o
                0x00000000000015e2                lcd_set_pixels
 .text.lcd_big_icon
                0x00000000000016d6       0x58 ../Obj/mega328_T4_v2_st7565/lcd-routines.o
                0x00000000000016d6                lcd_big_icon
 .text.lcd_update_icon_opt
                0x000000000000172e       0x2c ../Obj/mega328_T4_v2_st7565/lcd-routines.o
                0x000000000000172e                lcd_update_icon_opt
 .text.lcd_update_icon
                0x000000000000175a        0x6 ../Obj/mega328_T4_v2_st7565/lcd-routines.o
                0x000000000000175a                lcd_update_icon
 .text.lcd_data
                0x0000000000001760       0x98 ../Obj/mega328_T4_v2_st7565/lcd-routines.o
                0x0000000000001760                lcd_data
 .text.lcd_testpin
                0x00000000000017f8        0x6 ../Obj/mega328_T4_v2_st7565/lcd-routines.o
                0x00000000000017f8                lcd_testpin
 .text.lcd_string
                0x00000000000017fe       0x16 ../Obj/mega328_T4_v2_st7565/lcd-routines.o
                0x00000000000017fe                lcd_string
 .text.lcd_pgm_string
                0x0000000000001814       0x1a ../Obj/mega328_T4_v2_st7565/lcd-routines.o
                0x0000000000001814                lcd_pgm_string
 .text.lcd_fix_string
                0x000000000000182e       0x1c ../Obj/mega328_T4_v2_st7565/lcd-routines.o
                0x000000000000182e                lcd_fix_string
 .text.lcd_pgm_bitmap
                0x000000000000184a       0x16 ../Obj/mega328_T4_v2_st7565/lcd-routines.o
                0x000000000000184a                lcd_pgm_bitmap
 .text.lcd_show_Cg
                0x0000000000001860       0x30 ../Obj/mega328_T4_v2_st7565/lcd-routines.o
                0x0000000000001860                lcd_show_Cg
 .text.lcd_show_rds
                0x0000000000001890       0x28 ../Obj/mega328_T4_v2_st7565/lcd-routines.o
                0x0000000000001890                lcd_show_rds
 .text.DisplayValue
                0x00000000000018b8      0x1d2 ../Obj/mega328_T4_v2_st7565/DisplayValue.o
                0x00000000000018b8                DisplayValue
 .text.DisplayValue16
                0x0000000000001a8a       0x16 ../Obj/mega328_T4_v2_st7565/DisplayValue.o
                0x0000000000001a8a                DisplayValue16
 .text.Display_mV
                0x0000000000001aa0       0x14 ../Obj/mega328_T4_v2_st7565/DisplayValue.o
                0x0000000000001aa0                Display_mV
 .text.Display_Hz
                0x0000000000001ab4       0x14 ../Obj/mega328_T4_v2_st7565/DisplayValue.o
                0x0000000000001ab4                Display_Hz
 .text.lcd_draw_pin
                0x0000000000001ac8       0x24 ../Obj/mega328_T4_v2_st7565/lcd-draw.o
                0x0000000000001ac8                lcd_draw_pin
 .text.lcd_draw_trans_pins
                0x0000000000001aec       0x3e ../Obj/mega328_T4_v2_st7565/lcd-draw.o
                0x0000000000001aec                lcd_draw_trans_pins
 .text.check_rotary
                0x0000000000001b2a       0x92 ../Obj/mega328_T4_v2_st7565/wait_for_key_ms.o
                0x0000000000001b2a                check_rotary
 .text.wait_for_key_ms
                0x0000000000001bbc       0xcc ../Obj/mega328_T4_v2_st7565/wait_for_key_ms.o
                0x0000000000001bbc                wait_for_key_ms
 .text.wait_for_key_5s_line2
                0x0000000000001c88       0x52 ../Obj/mega328_T4_v2_st7565/wait_for_key_ms.o
                0x0000000000001c88                wait_for_key_5s_line2
 .text.__vector_7
                0x0000000000001cda        0x2 ../Obj/mega328_T4_v2_st7565/main.o
                0x0000000000001cda                __vector_7
 .text.__vector_21
                0x0000000000001cdc        0x2 ../Obj/mega328_T4_v2_st7565/main.o
                0x0000000000001cdc                __vector_21
 .text.search_vak_diode
                0x0000000000001cde       0x48 ../Obj/mega328_T4_v2_st7565/main.o
                0x0000000000001cde                search_vak_diode
 .text.init_parts
                0x0000000000001d26       0x46 ../Obj/mega328_T4_v2_st7565/main.o
                0x0000000000001d26                init_parts
 .text.switch_tester_off
                0x0000000000001d6c        0xe ../Obj/mega328_T4_v2_st7565/main.o
                0x0000000000001d6c                switch_tester_off
 .text.ShortedProbes
                0x0000000000001d7a       0x7a ../Obj/mega328_T4_v2_st7565/main.o
                0x0000000000001d7a                ShortedProbes
 .text.AllProbesShorted
                0x0000000000001df4       0x1e ../Obj/mega328_T4_v2_st7565/main.o
                0x0000000000001df4                AllProbesShorted
 .text.AutoCheck
                0x0000000000001e12      0x74e ../Obj/mega328_T4_v2_st7565/main.o
                0x0000000000001e12                AutoCheck
 .text.mark_as_uncalibrated
                0x0000000000002560       0x24 ../Obj/mega328_T4_v2_st7565/main.o
                0x0000000000002560                mark_as_uncalibrated
 .text.GetIr    0x0000000000002584       0x8e ../Obj/mega328_T4_v2_st7565/main.o
                0x0000000000002584                GetIr
 .text.startup.main
                0x0000000000002612      0xac0 ../Obj/mega328_T4_v2_st7565/main.o
                0x0000000000002612                main
 .text.Battery_check
                0x00000000000030d2       0x9a ../Obj/mega328_T4_v2_st7565/Battery_check.o
                0x00000000000030d2                Battery_check
 .text.expand_FET_quadratic
                0x000000000000316c       0x4e ../Obj/mega328_T4_v2_st7565/CheckPins.o
                0x000000000000316c                expand_FET_quadratic
 .text.CheckPins
                0x00000000000031ba      0xdf6 ../Obj/mega328_T4_v2_st7565/CheckPins.o
                0x00000000000031ba                CheckPins
 .text.GetResistance
                0x0000000000003fb0      0x424 ../Obj/mega328_T4_v2_st7565/GetResistance.o
                0x0000000000003fb0                GetResistance
 .text.ChargePin10ms
                0x00000000000043d4       0x2e ../Obj/mega328_T4_v2_st7565/ChargePin10ms.o
                0x00000000000043d4                ChargePin10ms
 .text.EntladePins
                0x0000000000004402      0x12c ../Obj/mega328_T4_v2_st7565/EntladePins.o
                0x0000000000004402                EntladePins
 .text.Scale_C_with_vcc
                0x000000000000452e       0x80 ../Obj/mega328_T4_v2_st7565/ReadCapacity.o
                0x000000000000452e                Scale_C_with_vcc
 .text.ReadCapacity
                0x00000000000045ae      0x5a0 ../Obj/mega328_T4_v2_st7565/ReadCapacity.o
                0x00000000000045ae                ReadCapacity
 .text.__vector_13
                0x0000000000004b4e       0x4c ../Obj/mega328_T4_v2_st7565/ReadCapacity.o
                0x0000000000004b4e                __vector_13
 .text.__vector_10
                0x0000000000004b9a       0x44 ../Obj/mega328_T4_v2_st7565/ReadCapacity.o
                0x0000000000004b9a                __vector_10
 .text.Calibrate_UR
                0x0000000000004bde      0x198 ../Obj/mega328_T4_v2_st7565/Calibrate_UR.o
                0x0000000000004bde                Calibrate_UR
 .text.show_resis
                0x0000000000004d76      0x17a ../Obj/mega328_T4_v2_st7565/show_Resis_Cap.o
                0x0000000000004d76                show_resis
 .text.show_cap
                0x0000000000004ef0       0xee ../Obj/mega328_T4_v2_st7565/show_Resis_Cap.o
                0x0000000000004ef0                show_cap
 .text.Bat_update
                0x0000000000004fde        0xe ../Obj/mega328_T4_v2_st7565/show_Resis_Cap.o
                0x0000000000004fde                Bat_update
 .text.Pwr_mode_check
                0x0000000000004fec       0x14 ../Obj/mega328_T4_v2_st7565/show_Resis_Cap.o
                0x0000000000004fec                Pwr_mode_check
 .text.show_Resis13
                0x0000000000005000       0x92 ../Obj/mega328_T4_v2_st7565/show_Resis_Cap.o
                0x0000000000005000                show_Resis13
 .text.show_Cap13
                0x0000000000005092       0xfa ../Obj/mega328_T4_v2_st7565/show_Resis_Cap.o
                0x0000000000005092                show_Cap13
 .text.ReadInductance
                0x000000000000518c      0x462 ../Obj/mega328_T4_v2_st7565/ReadInductance.o
                0x000000000000518c                ReadInductance
 .text.GetVloss
                0x00000000000055ee      0x15a ../Obj/mega328_T4_v2_st7565/GetVloss.o
                0x00000000000055ee                GetVloss
 .text.message2line
                0x0000000000005748       0x7c ../Obj/mega328_T4_v2_st7565/function_menu.o
                0x0000000000005748                message2line
 .text.show_C_ESR
                0x00000000000057c4       0xc6 ../Obj/mega328_T4_v2_st7565/function_menu.o
                0x00000000000057c4                show_C_ESR
 .text.make_frequency
                0x000000000000588a      0x344 ../Obj/mega328_T4_v2_st7565/function_menu.o
                0x000000000000588a                make_frequency
 .text.do_10bit_PWM
                0x0000000000005bce      0x13a ../Obj/mega328_T4_v2_st7565/function_menu.o
                0x0000000000005bce                do_10bit_PWM
 .text.set_contrast
                0x0000000000005d08       0x90 ../Obj/mega328_T4_v2_st7565/function_menu.o
                0x0000000000005d08                set_contrast
 .text.set_big_cap_corr
                0x0000000000005d98       0xb4 ../Obj/mega328_T4_v2_st7565/function_menu.o
                0x0000000000005d98                set_big_cap_corr
 .text.do_menu  0x0000000000005e4c       0x5a ../Obj/mega328_T4_v2_st7565/function_menu.o
                0x0000000000005e4c                do_menu
 .text.function_menu
                0x0000000000005ea6       0xd6 ../Obj/mega328_T4_v2_st7565/function_menu.o
                0x0000000000005ea6                function_menu
 .text.message_key_released
                0x0000000000005f7c       0x28 ../Obj/mega328_T4_v2_st7565/message_key_released.o
                0x0000000000005f7c                message_key_released
 .text.__vector_16
                0x0000000000005fa4       0x4c ../Obj/mega328_T4_v2_st7565/GetFrequency.o
                0x0000000000005fa4                __vector_16
 .text.__vector_11
                0x0000000000005ff0       0x1c ../Obj/mega328_T4_v2_st7565/GetFrequency.o
                0x0000000000005ff0                __vector_11
 .text.__vector_12
                0x000000000000600c       0x1c ../Obj/mega328_T4_v2_st7565/GetFrequency.o
                0x000000000000600c                __vector_12
 .text.__vector_5
                0x0000000000006028       0x68 ../Obj/mega328_T4_v2_st7565/GetFrequency.o
                0x0000000000006028                __vector_5
 .text.ReadBigCap
                0x0000000000006090      0x25e ../Obj/mega328_T4_v2_st7565/ReadBigCap.o
                0x0000000000006090                ReadBigCap
 .text.ShowData
                0x00000000000062ee      0x22a ../Obj/mega328_T4_v2_st7565/ShowData.o
                0x00000000000062ee                ShowData
 .text.mylog    0x0000000000006518       0xb4 ../Obj/mega328_T4_v2_st7565/sampling_cap.o
 .text.sampling_cap
                0x00000000000065cc      0x1ba ../Obj/mega328_T4_v2_st7565/sampling_cap.o
                0x00000000000065cc                sampling_cap
 .text.sampling_cap_calibrate
                0x0000000000006786       0xbe ../Obj/mega328_T4_v2_st7565/sampling_cap.o
                0x0000000000006786                sampling_cap_calibrate
 .text.peaksearch
                0x0000000000006844      0x23c ../Obj/mega328_T4_v2_st7565/sampling_lc.o
 .text.sampling_lc
                0x0000000000006a80      0x300 ../Obj/mega328_T4_v2_st7565/sampling_lc.o
                0x0000000000006a80                sampling_lc
 .text.sampling_lc_calibrate
                0x0000000000006d80       0x8c ../Obj/mega328_T4_v2_st7565/sampling_lc.o
                0x0000000000006d80                sampling_lc_calibrate
 .text.libgcc.mul
                0x0000000000006e0c       0x1e /usr/lib/gcc/avr/5.4.0/avr5/libgcc.a(_mulsi3.o)
                0x0000000000006e0c                __mulsi3
 .text.libgcc.div
                0x0000000000006e2a       0x18 /usr/lib/gcc/avr/5.4.0/avr5/libgcc.a(_udivmodqi4.o)
                0x0000000000006e2a                __udivmodqi4
 .text.libgcc.div
                0x0000000000006e42       0x28 /usr/lib/gcc/avr/5.4.0/avr5/libgcc.a(_udivmodhi4.o)
                0x0000000000006e42                __udivmodhi4
 .text.libgcc.div
                0x0000000000006e6a       0x26 /usr/lib/gcc/avr/5.4.0/avr5/libgcc.a(_divmodhi4.o)
                0x0000000000006e6a                __divmodhi4
                0x0000000000006e6a                _div
 .text.libgcc.div
                0x0000000000006e90       0x44 /usr/lib/gcc/avr/5.4.0/avr5/libgcc.a(_udivmodsi4.o)
                0x0000000000006e90                __udivmodsi4
 .text.libgcc.div
                0x0000000000006ed4       0x28 /usr/lib/gcc/avr/5.4.0/avr5/libgcc.a(_divmodsi4.o)
                0x0000000000006ed4                __divmodsi4
 .text.libgcc.div
                0x0000000000006efc       0x10 /usr/lib/gcc/avr/5.4.0/avr5/libgcc.a(_negsi2.o)
                0x0000000000006efc                __negsi2
 .text.libgcc.mul
                0x0000000000006f0c       0x1e /usr/lib/gcc/avr/5.4.0/avr5/libgcc.a(_umulhisi3.o)
                0x0000000000006f0c                __umulhisi3
 .text.libgcc.mul
                0x0000000000006f2a        0xc /usr/lib/gcc/avr/5.4.0/avr5/libgcc.a(_usmulhisi3.o)
                0x0000000000006f2a                __usmulhisi3
                0x0000000000006f2c                __usmulhisi3_tail
 .text.libgcc.mul
                0x0000000000006f36       0x14 /usr/lib/gcc/avr/5.4.0/avr5/libgcc.a(_muluhisi3.o)
                0x0000000000006f36                __muluhisi3
 .text.libgcc.mul
                0x0000000000006f4a        0xc /usr/lib/gcc/avr/5.4.0/avr5/libgcc.a(_mulshisi3.o)
                0x0000000000006f4a                __mulshisi3
                0x0000000000006f4e                __mulohisi3
 .text.libgcc.prologue
                0x0000000000006f56       0x38 /usr/lib/gcc/avr/5.4.0/avr5/libgcc.a(_prologue.o)
                0x0000000000006f56                __prologue_saves__
 .text.libgcc.prologue
                0x0000000000006f8e       0x36 /usr/lib/gcc/avr/5.4.0/avr5/libgcc.a(_epilogue.o)
                0x0000000000006f8e                __epilogue_restores__
 .text.avr-libc
                0x0000000000006fc4       0x42 /usr/lib/gcc/avr/5.4.0/../../../avr/lib/avr5/libc.a(ultoa_ncheck.o)
                0x0000000000006fc4                __ultoa_ncheck
                0x0000000000006fc6                __ultoa_common
 .text.avr-libc
                0x0000000000007006       0x14 /usr/lib/gcc/avr/5.4.0/../../../avr/lib/avr5/libc.a(utoa.o)
                0x0000000000007006                utoa
                0x0000000000007006                __utoa
 .text.avr-libc
                0x000000000000701a       0x32 /usr/lib/gcc/avr/5.4.0/../../../avr/lib/avr5/libc.a(utoa_ncheck.o)
                0x000000000000701a                __utoa_ncheck
                0x000000000000701c                __utoa_common
 .text.avr-libc
                0x000000000000704c       0x20 /usr/lib/gcc/avr/5.4.0/../../../avr/lib/avr5/libc.a(strrev.o)
                0x000000000000704c                strrev
 .text.avr-libc
                0x000000000000706c       0x10 /usr/lib/gcc/avr/5.4.0/../../../avr/lib/avr5/libatmega328p.a(eerd_byte.o)
                0x000000000000706c                eeprom_read_byte
 .text.avr-libc
                0x000000000000707c        0xa /usr/lib/gcc/avr/5.4.0/../../../avr/lib/avr5/libatmega328p.a(eerd_word.o)
                0x000000000000707c                eeprom_read_word
 .text.avr-libc
                0x0000000000007086       0x1c /usr/lib/gcc/avr/5.4.0/../../../avr/lib/avr5/libatmega328p.a(eewr_byte.o)
                0x0000000000007086                eeprom_write_byte
                0x0000000000007088                eeprom_write_r18
 .text.avr-libc
                0x00000000000070a2        0x6 /usr/lib/gcc/avr/5.4.0/../../../avr/lib/avr5/libatmega328p.a(eewr_word.o)
                0x00000000000070a2                eeprom_write_word
 .text.avr-libc
                0x00000000000070a8       0x20 /usr/lib/gcc/avr/5.4.0/../../../avr/lib/avr5/libatmega328p.a(eerd_block.o)
                0x00000000000070a8                eeprom_read_block
                0x00000000000070ac                eeprom_read_blraw
                0x00000000000070c8                . = ALIGN (0x2)
 *(.fini9)
 .fini9         0x00000000000070c8        0x0 /usr/lib/gcc/avr/5.4.0/avr5/libgcc.a(_exit.o)
                0x00000000000070c8                exit
                0x00000000000070c8                _exit
 *(.fini9)
 *(.fini8)
 *(.fini8)
 *(.fini7)
 *(.fini7)
 *(.fini6)
 *(.fini6)
 *(.fini5)
 *(.fini5)
 *(.fini4)
 *(.fini4)
 *(.fini3)
 *(.fini3)
 *(.fini2)
 *(.fini2)
 *(.fini1)
 *(.fini1)
 *(.fini0)
 .fini0         0x00000000000070c8        0x4 /usr/lib/gcc/avr/5.4.0/avr5/libgcc.a(_exit.o)
 *(.fini0)
                0x00000000000070cc                _etext = .

.data           0x0000000000800100        0x0 load address 0x00000000000070cc
                [!provide]                        PROVIDE (__data_start, .)
 *(.data)
 *(.data*)
 *(.gnu.linkonce.d*)
 *(.rodata)
 *(.rodata*)
 *(.gnu.linkonce.r*)
                0x0000000000800100                . = ALIGN (0x2)
                0x0000000000800100                _edata = .
                [!provide]                        PROVIDE (__data_end, .)

.bss            0x0000000000800100       0xc6
                0x0000000000800100                PROVIDE (__bss_start, .)
 *(.bss)
 *(.bss*)
 *(COMMON)
 COMMON         0x0000000000800100        0x6 ../Obj/mega328_T4_v2_st7565/lcd-routines.o
                0x0000000000800100                icon_yy
                0x0000000000800101                last_text_column
                0x0000000000800102                last_text_line
                0x0000000000800103                _page
                0x0000000000800104                _xpos
                0x0000000000800105                icon_xx
 COMMON         0x0000000000800106       0xb4 ../Obj/mega328_T4_v2_st7565/main.o
                0x0000000000800106                diode_sequence
                0x0000000000800107                ext_freq
                0x000000000080010b                display_time
                0x000000000080010d                rotary
                0x0000000000800114                resis680mi
                0x0000000000800116                ref_mv_offs
                0x0000000000800118                NumOfDiodes
                0x0000000000800119                PartMode
                0x000000000080011a                PartFound
                0x000000000080011b                resis680pl
                0x000000000080011d                tmpval
                0x000000000080011e                adc_vcc_reference
                0x0000000000800120                inductor_lpre
                0x0000000000800121                mess_count
                0x0000000000800122                outval
                0x000000000080012c                ADCconfig
                0x0000000000800132                pin_rpl
                0x0000000000800134                ref_mv
                0x0000000000800136                DC_Pwr_mode
                0x0000000000800137                tmpval2
                0x0000000000800138                UnCalibrated
                0x0000000000800139                pin_rmi
                0x000000000080013b                WithReference
                0x000000000080013c                _lcd_column
                0x000000000080013d                _trans
                0x000000000080013f                last_line_used
                0x0000000000800140                ntrans
                0x0000000000800150                empty_count
                0x0000000000800151                pin_combination
                0x0000000000800152                ovcnt16
                0x0000000000800154                cell_mv
                0x000000000080015a                ResistorChecked
                0x000000000080015d                ResistorList
                0x0000000000800160                ptrans
                0x0000000000800170                pinchange_max
                0x0000000000800172                pinchange_count
                0x0000000000800174                adc_internal_reference
                0x0000000000800176                ResistorsFound
                0x0000000000800177                rotary_switch_present
                0x0000000000800178                unfinished
                0x0000000000800179                RHmultip
                0x000000000080017b                cap
                0x000000000080018f                load_diff
                0x0000000000800191                diodes
                0x00000000008001a9                inductor_lx
                0x00000000008001ad                lcd_text_line
                0x00000000008001ae                ResistorVal
 COMMON         0x00000000008001ba        0xc ../Obj/mega328_T4_v2_st7565/sampling_lc.o
                0x00000000008001ba                lc_fx
                0x00000000008001be                lc_cpartmp
                0x00000000008001c0                lc_qx
                0x00000000008001c2                lc_lx
                0x00000000008001c6                PROVIDE (__bss_end, .)
                0x00000000000070cc                __data_load_start = LOADADDR (.data)
                0x00000000000070cc                __data_load_end = (__data_load_start + SIZEOF (.data))

.noinit         0x00000000008001c6        0x0
                [!provide]                        PROVIDE (__noinit_start, .)
 *(.noinit*)
                [!provide]                        PROVIDE (__noinit_end, .)
                0x00000000008001c6                _end = .
                [!provide]                        PROVIDE (__heap_start, .)

.eeprom         0x0000000000810000      0x348
 *(.eeprom*)
 .eeprom        0x0000000000810000      0x33b ../Obj/mega328_T4_v2_st7565/main.o
                0x0000000000810006                cap_for_l_meas_str
                0x0000000000810016                REF_R_str
                0x000000000081001d                REF_C_str
                0x0000000000810024                MinCap_str
                0x000000000081002c                PrefixTab
                0x0000000000810034                ResIcon3
                0x000000000081003c                ResIcon2
                0x0000000000810044                ResIcon1
                0x000000000081004c                DiodeIcon2
                0x0000000000810054                DiodeIcon1
                0x000000000081005c                CapIcon
                0x0000000000810064                RDS_str
                0x0000000000810069                CMETER_13_str
                0x000000000081006d                CAP_13_str
                0x0000000000810074                RESIS_13_str
                0x000000000081007f                C_ESR_str
                0x000000000081008b                FatTP2_str
                0x0000000000810091                T50HZ
                0x0000000000810097                C0samp_str
                0x000000000081009f                C0_str
                0x00000000008100a3                RILO_str
                0x00000000008100aa                RIHI_str
                0x00000000008100b1                R0_str
                0x00000000008100b5                RHRL_str
                0x00000000008100bb                RHRH_str
                0x00000000008100c9                RLRL_str
                0x00000000008100d7                RH1H_str
                0x00000000008100db                RH1L_str
                0x00000000008100df                RHfakt_str
                0x00000000008100e4                URef_str
                0x00000000008100e9                ICEs_str
                0x00000000008100ef                ICE0_str
                0x00000000008100f5                VERSION_str
                0x0000000000810103                Inductor_str
                0x0000000000810108                Resistor_str
                0x000000000081010d                Dioden
                0x0000000000810112                zQ_str
                0x0000000000810117                iF_str
                0x000000000081011c                AT05volt
                0x0000000000810123                KatAn_str
                0x0000000000810127                AnKat_str
                0x000000000081012b                Ir_str
                0x000000000081012f                Lis_str
                0x0000000000810132                VLOSS_str
                0x000000000081013a                ESR_str
                0x0000000000810140                VCC_str
                0x0000000000810145                Cell_str
                0x000000000081014b                CapZeich
                0x000000000081014f                Vgs_str
                0x0000000000810154                vt_str
                0x0000000000810159                Uf_str
                0x000000000081015d                Ube_str
                0x0000000000810162                N123_str
                0x0000000000810168                Pin_str
                0x000000000081016d                PNP_str
                0x0000000000810175                NPN_str
                0x000000000081017d                Cap_str
                0x0000000000810180                GateCap_str
                0x0000000000810184                hfe_str
                0x0000000000810189                igbt_str
                0x000000000081018f                jfet_str
                0x0000000000810194                mosfet_str
                0x0000000000810199                DC_Pwr_Mode_str
                0x00000000008101a5                OK_str
                0x00000000008101a8                Bat_str
                0x00000000008101ae                CONTRAST_str
                0x00000000008101b7                SHORT_PROBES_str
                0x00000000008101c5                FULLCHECK_str
                0x00000000008101ce                TURN_str
                0x00000000008101d4                SetCapCorr_str
                0x00000000008101e4                PWM_10bit_str
                0x00000000008101ef                F_GEN_str
                0x00000000008101fb                OFF_str
                0x0000000000810206                SHOW_str
                0x0000000000810210                VOLTAGE_str
                0x0000000000810218                TESTER_str
                0x0000000000810223                SELECTION_str
                0x000000000081022e                ATE
                0x0000000000810237                RELPROBE
                0x0000000000810247                SELFTEST
                0x0000000000810257                TestTimedOut
                0x0000000000810260                Detected
                0x000000000081026a                TestFailed1
                0x000000000081027a                Unknown
                0x0000000000810283                Thyristor
                0x000000000081028c                Triac
                0x0000000000810292                Bauteil
                0x0000000000810297                TestFailed2
                0x00000000008102a0                BatEmpty
                0x00000000008102a7                BatWeak
                0x00000000008102ac                TestRunning
                0x00000000008102b5                RLtab
                0x000000000081030f                EE_Volume_Value
                0x0000000000810310                EE_ESR_ZEROtab
                0x0000000000810314                big_cap_corr
                0x0000000000810315                c_zero_tab2_hi
                0x0000000000810323                c_zero_tab2_lo
                0x0000000000810331                c_zero_tab
                0x0000000000810338                ref_offset
                0x000000000081033a                RefDiff
 .eeprom        0x000000000081033b        0xb ../Obj/mega328_T4_v2_st7565/show_Resis_Cap.o
                0x000000000081033b                RL_METER_str
 .eeprom        0x0000000000810346        0x2 ../Obj/mega328_T4_v2_st7565/sampling_lc.o
                0x0000000000810346                lc_cpar_ee
                0x0000000000810348                __eeprom_end = .

.fuse
 *(.fuse)
 *(.lfuse)
 *(.hfuse)
 *(.efuse)

.lock
 *(.lock*)

.signature
 *(.signature*)

.user_signatures
 *(.user_signatures*)

.stab
 *(.stab)

.stabstr
 *(.stabstr)

.stab.excl
 *(.stab.excl)

.stab.exclstr
 *(.stab.exclstr)

.stab.index
 *(.stab.index)

.stab.indexstr
 *(.stab.indexstr)

.comment        0x0000000000000000       0x11
 *(.comment)
 .comment       0x0000000000000000       0x11 ../Obj/mega328_T4_v2_st7565/lcd-routines.o
                                         0x12 (size before relaxing)
 .comment       0x0000000000000011       0x12 ../Obj/mega328_T4_v2_st7565/DisplayValue.o
 .comment       0x0000000000000011       0x12 ../Obj/mega328_T4_v2_st7565/lcd-draw.o
 .comment       0x0000000000000011       0x12 ../Obj/mega328_T4_v2_st7565/wait_for_key_ms.o
 .comment       0x0000000000000011       0x12 ../Obj/mega328_T4_v2_st7565/main.o
 .comment       0x0000000000000011       0x12 ../Obj/mega328_T4_v2_st7565/Battery_check.o
 .comment       0x0000000000000011       0x12 ../Obj/mega328_T4_v2_st7565/CheckPins.o
 .comment       0x0000000000000011       0x12 ../Obj/mega328_T4_v2_st7565/GetResistance.o
 .comment       0x0000000000000011       0x12 ../Obj/mega328_T4_v2_st7565/ChargePin10ms.o
 .comment       0x0000000000000011       0x12 ../Obj/mega328_T4_v2_st7565/EntladePins.o
 .comment       0x0000000000000011       0x12 ../Obj/mega328_T4_v2_st7565/ReadCapacity.o
 .comment       0x0000000000000011       0x12 ../Obj/mega328_T4_v2_st7565/Calibrate_UR.o
 .comment       0x0000000000000011       0x12 ../Obj/mega328_T4_v2_st7565/show_Resis_Cap.o
 .comment       0x0000000000000011       0x12 ../Obj/mega328_T4_v2_st7565/ReadInductance.o
 .comment       0x0000000000000011       0x12 ../Obj/mega328_T4_v2_st7565/GetVloss.o
 .comment       0x0000000000000011       0x12 ../Obj/mega328_T4_v2_st7565/function_menu.o
 .comment       0x0000000000000011       0x12 ../Obj/mega328_T4_v2_st7565/message_key_released.o
 .comment       0x0000000000000011       0x12 ../Obj/mega328_T4_v2_st7565/GetFrequency.o
 .comment       0x0000000000000011       0x12 ../Obj/mega328_T4_v2_st7565/ReadBigCap.o
 .comment       0x0000000000000011       0x12 ../Obj/mega328_T4_v2_st7565/ShowData.o
 .comment       0x0000000000000011       0x12 ../Obj/mega328_T4_v2_st7565/sampling_cap.o
 .comment       0x0000000000000011       0x12 ../Obj/mega328_T4_v2_st7565/sampling_lc.o

.note.gnu.avr.deviceinfo
                0x0000000000000000       0x40
 .note.gnu.avr.deviceinfo
                0x0000000000000000       0x40 /usr/lib/gcc/avr/5.4.0/../../../avr/lib/avr5/crtatmega328p.o

.note.gnu.build-id
 *(.note.gnu.build-id)

.debug
 *(.debug)

.line
 *(.line)

.debug_srcinfo
 *(.debug_srcinfo)

.debug_sfnames
 *(.debug_sfnames)

.debug_aranges  0x0000000000000000      0x698
 *(.debug_aranges)
 .debug_aranges
                0x0000000000000000       0x20 ../Obj/mega328_T4_v2_st7565/lcd_hw_4_bit.o
 .debug_aranges
                0x0000000000000020      0x118 ../Obj/mega328_T4_v2_st7565/lcd-routines.o
 .debug_aranges
                0x0000000000000138       0x20 ../Obj/mega328_T4_v2_st7565/i2lcd.o
 .debug_aranges
                0x0000000000000158       0x20 ../Obj/mega328_T4_v2_st7565/PinLayout.o
 .debug_aranges
                0x0000000000000178       0x20 ../Obj/mega328_T4_v2_st7565/RvalOut.o
 .debug_aranges
                0x0000000000000198       0x20 ../Obj/mega328_T4_v2_st7565/UfAusgabe.o
 .debug_aranges
                0x00000000000001b8       0x38 ../Obj/mega328_T4_v2_st7565/DisplayValue.o
 .debug_aranges
                0x00000000000001f0       0x28 ../Obj/mega328_T4_v2_st7565/lcd-draw.o
 .debug_aranges
                0x0000000000000218       0x20 ../Obj/mega328_T4_v2_st7565/wait1000ms.o
 .debug_aranges
                0x0000000000000238       0x20 ../Obj/mega328_T4_v2_st7565/sleep_5ms.o
 .debug_aranges
                0x0000000000000258       0x20 ../Obj/mega328_T4_v2_st7565/ReadADC.o
 .debug_aranges
                0x0000000000000278       0x30 ../Obj/mega328_T4_v2_st7565/wait_for_key_ms.o
 .debug_aranges
                0x00000000000002a8       0x20 ../Obj/mega328_T4_v2_st7565/RefVoltage.o
 .debug_aranges
                0x00000000000002c8       0x70 ../Obj/mega328_T4_v2_st7565/main.o
 .debug_aranges
                0x0000000000000338       0x20 ../Obj/mega328_T4_v2_st7565/Battery_check.o
 .debug_aranges
                0x0000000000000358       0x28 ../Obj/mega328_T4_v2_st7565/CheckPins.o
 .debug_aranges
                0x0000000000000380       0x20 ../Obj/mega328_T4_v2_st7565/GetResistance.o
 .debug_aranges
                0x00000000000003a0       0x20 ../Obj/mega328_T4_v2_st7565/ChargePin10ms.o
 .debug_aranges
                0x00000000000003c0       0x20 ../Obj/mega328_T4_v2_st7565/EntladePins.o
 .debug_aranges
                0x00000000000003e0       0x38 ../Obj/mega328_T4_v2_st7565/ReadCapacity.o
 .debug_aranges
                0x0000000000000418       0x20 ../Obj/mega328_T4_v2_st7565/GetRLmultip.o
 .debug_aranges
                0x0000000000000438       0x20 ../Obj/mega328_T4_v2_st7565/Calibrate_UR.o
 .debug_aranges
                0x0000000000000458       0x48 ../Obj/mega328_T4_v2_st7565/show_Resis_Cap.o
 .debug_aranges
                0x00000000000004a0       0x20 ../Obj/mega328_T4_v2_st7565/get_log.o
 .debug_aranges
                0x00000000000004c0       0x20 ../Obj/mega328_T4_v2_st7565/ReadInductance.o
 .debug_aranges
                0x00000000000004e0       0x20 ../Obj/mega328_T4_v2_st7565/GetESR.o
 .debug_aranges
                0x0000000000000500       0x20 ../Obj/mega328_T4_v2_st7565/GetVloss.o
 .debug_aranges
                0x0000000000000520       0x58 ../Obj/mega328_T4_v2_st7565/function_menu.o
 .debug_aranges
                0x0000000000000578       0x20 ../Obj/mega328_T4_v2_st7565/message_key_released.o
 .debug_aranges
                0x0000000000000598       0x40 ../Obj/mega328_T4_v2_st7565/GetFrequency.o
 .debug_aranges
                0x00000000000005d8       0x20 ../Obj/mega328_T4_v2_st7565/ReadBigCap.o
 .debug_aranges
                0x00000000000005f8       0x20 ../Obj/mega328_T4_v2_st7565/ShowData.o
 .debug_aranges
                0x0000000000000618       0x20 ../Obj/mega328_T4_v2_st7565/samplingADC.o
 .debug_aranges
                0x0000000000000638       0x30 ../Obj/mega328_T4_v2_st7565/sampling_cap.o
 .debug_aranges
                0x0000000000000668       0x30 ../Obj/mega328_T4_v2_st7565/sampling_lc.o

.debug_pubnames
 *(.debug_pubnames)

.debug_info     0x0000000000000000     0xc010
 *(.debug_info .gnu.linkonce.wi.*)
 .debug_info    0x0000000000000000      0x5f4 /usr/lib/gcc/avr/5.4.0/../../../avr/lib/avr5/crtatmega328p.o
 .debug_info    0x00000000000005f4       0xac ../Obj/mega328_T4_v2_st7565/lcd_hw_4_bit.o
 .debug_info    0x00000000000006a0     0x10c7 ../Obj/mega328_T4_v2_st7565/lcd-routines.o
 .debug_info    0x0000000000001767       0xa5 ../Obj/mega328_T4_v2_st7565/i2lcd.o
 .debug_info    0x000000000000180c       0xa9 ../Obj/mega328_T4_v2_st7565/PinLayout.o
 .debug_info    0x00000000000018b5       0xa7 ../Obj/mega328_T4_v2_st7565/RvalOut.o
 .debug_info    0x000000000000195c       0xa9 ../Obj/mega328_T4_v2_st7565/UfAusgabe.o
 .debug_info    0x0000000000001a05      0x483 ../Obj/mega328_T4_v2_st7565/DisplayValue.o
 .debug_info    0x0000000000001e88      0x2d2 ../Obj/mega328_T4_v2_st7565/lcd-draw.o
 .debug_info    0x000000000000215a       0xaa ../Obj/mega328_T4_v2_st7565/wait1000ms.o
 .debug_info    0x0000000000002204       0xa9 ../Obj/mega328_T4_v2_st7565/sleep_5ms.o
 .debug_info    0x00000000000022ad       0xa7 ../Obj/mega328_T4_v2_st7565/ReadADC.o
 .debug_info    0x0000000000002354      0x31f ../Obj/mega328_T4_v2_st7565/wait_for_key_ms.o
 .debug_info    0x0000000000002673       0xaa ../Obj/mega328_T4_v2_st7565/RefVoltage.o
 .debug_info    0x000000000000271d     0x34f7 ../Obj/mega328_T4_v2_st7565/main.o
 .debug_info    0x0000000000005c14      0x245 ../Obj/mega328_T4_v2_st7565/Battery_check.o
 .debug_info    0x0000000000005e59     0x11c3 ../Obj/mega328_T4_v2_st7565/CheckPins.o
 .debug_info    0x000000000000701c      0x60e ../Obj/mega328_T4_v2_st7565/GetResistance.o
 .debug_info    0x000000000000762a       0xc3 ../Obj/mega328_T4_v2_st7565/ChargePin10ms.o
 .debug_info    0x00000000000076ed      0x1a4 ../Obj/mega328_T4_v2_st7565/EntladePins.o
 .debug_info    0x0000000000007891      0x5e4 ../Obj/mega328_T4_v2_st7565/ReadCapacity.o
 .debug_info    0x0000000000007e75       0xab ../Obj/mega328_T4_v2_st7565/GetRLmultip.o
 .debug_info    0x0000000000007f20      0x2b5 ../Obj/mega328_T4_v2_st7565/Calibrate_UR.o
 .debug_info    0x00000000000081d5      0xb57 ../Obj/mega328_T4_v2_st7565/show_Resis_Cap.o
 .debug_info    0x0000000000008d2c       0xa7 ../Obj/mega328_T4_v2_st7565/get_log.o
 .debug_info    0x0000000000008dd3      0x479 ../Obj/mega328_T4_v2_st7565/ReadInductance.o
 .debug_info    0x000000000000924c       0xa6 ../Obj/mega328_T4_v2_st7565/GetESR.o
 .debug_info    0x00000000000092f2      0x31b ../Obj/mega328_T4_v2_st7565/GetVloss.o
 .debug_info    0x000000000000960d      0xc68 ../Obj/mega328_T4_v2_st7565/function_menu.o
 .debug_info    0x000000000000a275      0x120 ../Obj/mega328_T4_v2_st7565/message_key_released.o
 .debug_info    0x000000000000a395      0x410 ../Obj/mega328_T4_v2_st7565/GetFrequency.o
 .debug_info    0x000000000000a7a5      0x39e ../Obj/mega328_T4_v2_st7565/ReadBigCap.o
 .debug_info    0x000000000000ab43      0x6e6 ../Obj/mega328_T4_v2_st7565/ShowData.o
 .debug_info    0x000000000000b229       0xab ../Obj/mega328_T4_v2_st7565/samplingADC.o
 .debug_info    0x000000000000b2d4      0x592 ../Obj/mega328_T4_v2_st7565/sampling_cap.o
 .debug_info    0x000000000000b866      0x7aa ../Obj/mega328_T4_v2_st7565/sampling_lc.o

.debug_abbrev   0x0000000000000000     0x2726
 *(.debug_abbrev)
 .debug_abbrev  0x0000000000000000      0x5a2 /usr/lib/gcc/avr/5.4.0/../../../avr/lib/avr5/crtatmega328p.o
 .debug_abbrev  0x00000000000005a2       0x14 ../Obj/mega328_T4_v2_st7565/lcd_hw_4_bit.o
 .debug_abbrev  0x00000000000005b6      0x281 ../Obj/mega328_T4_v2_st7565/lcd-routines.o
 .debug_abbrev  0x0000000000000837       0x14 ../Obj/mega328_T4_v2_st7565/i2lcd.o
 .debug_abbrev  0x000000000000084b       0x14 ../Obj/mega328_T4_v2_st7565/PinLayout.o
 .debug_abbrev  0x000000000000085f       0x14 ../Obj/mega328_T4_v2_st7565/RvalOut.o
 .debug_abbrev  0x0000000000000873       0x14 ../Obj/mega328_T4_v2_st7565/UfAusgabe.o
 .debug_abbrev  0x0000000000000887      0x1a5 ../Obj/mega328_T4_v2_st7565/DisplayValue.o
 .debug_abbrev  0x0000000000000a2c      0x14d ../Obj/mega328_T4_v2_st7565/lcd-draw.o
 .debug_abbrev  0x0000000000000b79       0x14 ../Obj/mega328_T4_v2_st7565/wait1000ms.o
 .debug_abbrev  0x0000000000000b8d       0x14 ../Obj/mega328_T4_v2_st7565/sleep_5ms.o
 .debug_abbrev  0x0000000000000ba1       0x14 ../Obj/mega328_T4_v2_st7565/ReadADC.o
 .debug_abbrev  0x0000000000000bb5      0x15f ../Obj/mega328_T4_v2_st7565/wait_for_key_ms.o
 .debug_abbrev  0x0000000000000d14       0x14 ../Obj/mega328_T4_v2_st7565/RefVoltage.o
 .debug_abbrev  0x0000000000000d28      0x33d ../Obj/mega328_T4_v2_st7565/main.o
 .debug_abbrev  0x0000000000001065       0xcf ../Obj/mega328_T4_v2_st7565/Battery_check.o
 .debug_abbrev  0x0000000000001134      0x1ae ../Obj/mega328_T4_v2_st7565/CheckPins.o
 .debug_abbrev  0x00000000000012e2      0x160 ../Obj/mega328_T4_v2_st7565/GetResistance.o
 .debug_abbrev  0x0000000000001442       0x7f ../Obj/mega328_T4_v2_st7565/ChargePin10ms.o
 .debug_abbrev  0x00000000000014c1       0xbb ../Obj/mega328_T4_v2_st7565/EntladePins.o
 .debug_abbrev  0x000000000000157c      0x194 ../Obj/mega328_T4_v2_st7565/ReadCapacity.o
 .debug_abbrev  0x0000000000001710       0x14 ../Obj/mega328_T4_v2_st7565/GetRLmultip.o
 .debug_abbrev  0x0000000000001724       0xe3 ../Obj/mega328_T4_v2_st7565/Calibrate_UR.o
 .debug_abbrev  0x0000000000001807      0x1f4 ../Obj/mega328_T4_v2_st7565/show_Resis_Cap.o
 .debug_abbrev  0x00000000000019fb       0x14 ../Obj/mega328_T4_v2_st7565/get_log.o
 .debug_abbrev  0x0000000000001a0f      0x160 ../Obj/mega328_T4_v2_st7565/ReadInductance.o
 .debug_abbrev  0x0000000000001b6f       0x14 ../Obj/mega328_T4_v2_st7565/GetESR.o
 .debug_abbrev  0x0000000000001b83      0x140 ../Obj/mega328_T4_v2_st7565/GetVloss.o
 .debug_abbrev  0x0000000000001cc3      0x20f ../Obj/mega328_T4_v2_st7565/function_menu.o
 .debug_abbrev  0x0000000000001ed2       0xb7 ../Obj/mega328_T4_v2_st7565/message_key_released.o
 .debug_abbrev  0x0000000000001f89      0x16f ../Obj/mega328_T4_v2_st7565/GetFrequency.o
 .debug_abbrev  0x00000000000020f8      0x17c ../Obj/mega328_T4_v2_st7565/ReadBigCap.o
 .debug_abbrev  0x0000000000002274      0x128 ../Obj/mega328_T4_v2_st7565/ShowData.o
 .debug_abbrev  0x000000000000239c       0x14 ../Obj/mega328_T4_v2_st7565/samplingADC.o
 .debug_abbrev  0x00000000000023b0      0x189 ../Obj/mega328_T4_v2_st7565/sampling_cap.o
 .debug_abbrev  0x0000000000002539      0x1ed ../Obj/mega328_T4_v2_st7565/sampling_lc.o

.debug_line     0x0000000000000000     0x7988
 *(.debug_line .debug_line.* .debug_line_end)
 .debug_line    0x0000000000000000       0x1a /usr/lib/gcc/avr/5.4.0/../../../avr/lib/avr5/crtatmega328p.o
 .debug_line    0x000000000000001a      0x1a2 ../Obj/mega328_T4_v2_st7565/lcd_hw_4_bit.o
 .debug_line    0x00000000000001bc      0x75d ../Obj/mega328_T4_v2_st7565/lcd-routines.o
 .debug_line    0x0000000000000919       0xd4 ../Obj/mega328_T4_v2_st7565/i2lcd.o
 .debug_line    0x00000000000009ed      0x1d6 ../Obj/mega328_T4_v2_st7565/PinLayout.o
 .debug_line    0x0000000000000bc3      0x106 ../Obj/mega328_T4_v2_st7565/RvalOut.o
 .debug_line    0x0000000000000cc9      0x264 ../Obj/mega328_T4_v2_st7565/UfAusgabe.o
 .debug_line    0x0000000000000f2d      0x26c ../Obj/mega328_T4_v2_st7565/DisplayValue.o
 .debug_line    0x0000000000001199       0xb2 ../Obj/mega328_T4_v2_st7565/lcd-draw.o
 .debug_line    0x000000000000124b      0x116 ../Obj/mega328_T4_v2_st7565/wait1000ms.o
 .debug_line    0x0000000000001361      0x126 ../Obj/mega328_T4_v2_st7565/sleep_5ms.o
 .debug_line    0x0000000000001487      0x269 ../Obj/mega328_T4_v2_st7565/ReadADC.o
 .debug_line    0x00000000000016f0      0x2de ../Obj/mega328_T4_v2_st7565/wait_for_key_ms.o
 .debug_line    0x00000000000019ce      0x1c3 ../Obj/mega328_T4_v2_st7565/RefVoltage.o
 .debug_line    0x0000000000001b91     0x13cb ../Obj/mega328_T4_v2_st7565/main.o
 .debug_line    0x0000000000002f5c      0x134 ../Obj/mega328_T4_v2_st7565/Battery_check.o
 .debug_line    0x0000000000003090      0xad4 ../Obj/mega328_T4_v2_st7565/CheckPins.o
 .debug_line    0x0000000000003b64      0x2e8 ../Obj/mega328_T4_v2_st7565/GetResistance.o
 .debug_line    0x0000000000003e4c       0xa6 ../Obj/mega328_T4_v2_st7565/ChargePin10ms.o
 .debug_line    0x0000000000003ef2      0x1dc ../Obj/mega328_T4_v2_st7565/EntladePins.o
 .debug_line    0x00000000000040ce      0x510 ../Obj/mega328_T4_v2_st7565/ReadCapacity.o
 .debug_line    0x00000000000045de      0x188 ../Obj/mega328_T4_v2_st7565/GetRLmultip.o
 .debug_line    0x0000000000004766      0x1c1 ../Obj/mega328_T4_v2_st7565/Calibrate_UR.o
 .debug_line    0x0000000000004927      0x443 ../Obj/mega328_T4_v2_st7565/show_Resis_Cap.o
 .debug_line    0x0000000000004d6a       0xfa ../Obj/mega328_T4_v2_st7565/get_log.o
 .debug_line    0x0000000000004e64      0x3a6 ../Obj/mega328_T4_v2_st7565/ReadInductance.o
 .debug_line    0x000000000000520a      0x8aa ../Obj/mega328_T4_v2_st7565/GetESR.o
 .debug_line    0x0000000000005ab4      0x1fb ../Obj/mega328_T4_v2_st7565/GetVloss.o
 .debug_line    0x0000000000005caf      0x98c ../Obj/mega328_T4_v2_st7565/function_menu.o
 .debug_line    0x000000000000663b       0xb9 ../Obj/mega328_T4_v2_st7565/message_key_released.o
 .debug_line    0x00000000000066f4      0x37d ../Obj/mega328_T4_v2_st7565/GetFrequency.o
 .debug_line    0x0000000000006a71      0x250 ../Obj/mega328_T4_v2_st7565/ReadBigCap.o
 .debug_line    0x0000000000006cc1      0x228 ../Obj/mega328_T4_v2_st7565/ShowData.o
 .debug_line    0x0000000000006ee9      0x309 ../Obj/mega328_T4_v2_st7565/samplingADC.o
 .debug_line    0x00000000000071f2      0x2a4 ../Obj/mega328_T4_v2_st7565/sampling_cap.o
 .debug_line    0x0000000000007496      0x4f2 ../Obj/mega328_T4_v2_st7565/sampling_lc.o

.debug_frame    0x0000000000000000      0xd40
 *(.debug_frame)
 .debug_frame   0x0000000000000000      0x2b8 ../Obj/mega328_T4_v2_st7565/lcd-routines.o
 .debug_frame   0x00000000000002b8       0x94 ../Obj/mega328_T4_v2_st7565/DisplayValue.o
 .debug_frame   0x000000000000034c       0x40 ../Obj/mega328_T4_v2_st7565/lcd-draw.o
 .debug_frame   0x000000000000038c       0x64 ../Obj/mega328_T4_v2_st7565/wait_for_key_ms.o
 .debug_frame   0x00000000000003f0      0x14c ../Obj/mega328_T4_v2_st7565/main.o
 .debug_frame   0x000000000000053c       0x38 ../Obj/mega328_T4_v2_st7565/Battery_check.o
 .debug_frame   0x0000000000000574       0x68 ../Obj/mega328_T4_v2_st7565/CheckPins.o
 .debug_frame   0x00000000000005dc       0x48 ../Obj/mega328_T4_v2_st7565/GetResistance.o
 .debug_frame   0x0000000000000624       0x2c ../Obj/mega328_T4_v2_st7565/ChargePin10ms.o
 .debug_frame   0x0000000000000650       0x54 ../Obj/mega328_T4_v2_st7565/EntladePins.o
 .debug_frame   0x00000000000006a4       0xd0 ../Obj/mega328_T4_v2_st7565/ReadCapacity.o
 .debug_frame   0x0000000000000774       0x40 ../Obj/mega328_T4_v2_st7565/Calibrate_UR.o
 .debug_frame   0x00000000000007b4       0xd4 ../Obj/mega328_T4_v2_st7565/show_Resis_Cap.o
 .debug_frame   0x0000000000000888       0x4c ../Obj/mega328_T4_v2_st7565/ReadInductance.o
 .debug_frame   0x00000000000008d4       0x40 ../Obj/mega328_T4_v2_st7565/GetVloss.o
 .debug_frame   0x0000000000000914      0x128 ../Obj/mega328_T4_v2_st7565/function_menu.o
 .debug_frame   0x0000000000000a3c       0x30 ../Obj/mega328_T4_v2_st7565/message_key_released.o
 .debug_frame   0x0000000000000a6c       0xe8 ../Obj/mega328_T4_v2_st7565/GetFrequency.o
 .debug_frame   0x0000000000000b54       0x3c ../Obj/mega328_T4_v2_st7565/ReadBigCap.o
 .debug_frame   0x0000000000000b90       0x48 ../Obj/mega328_T4_v2_st7565/ShowData.o
 .debug_frame   0x0000000000000bd8       0xc8 ../Obj/mega328_T4_v2_st7565/sampling_cap.o
 .debug_frame   0x0000000000000ca0       0xa0 ../Obj/mega328_T4_v2_st7565/sampling_lc.o

.debug_str      0x0000000000000000     0x1b40
 *(.debug_str)
 .debug_str     0x0000000000000000      0x208 /usr/lib/gcc/avr/5.4.0/../../../avr/lib/avr5/crtatmega328p.o
 .debug_str     0x0000000000000208      0x525 ../Obj/mega328_T4_v2_st7565/lcd-routines.o
                                        0x5a1 (size before relaxing)
 .debug_str     0x000000000000072d       0xb5 ../Obj/mega328_T4_v2_st7565/DisplayValue.o
                                        0x2cb (size before relaxing)
 .debug_str     0x00000000000007e2       0x6e ../Obj/mega328_T4_v2_st7565/lcd-draw.o
                                        0x288 (size before relaxing)
 .debug_str     0x0000000000000850       0xb3 ../Obj/mega328_T4_v2_st7565/wait_for_key_ms.o
                                        0x2f4 (size before relaxing)
 .debug_str     0x0000000000000903      0xa2f ../Obj/mega328_T4_v2_st7565/main.o
                                        0xf49 (size before relaxing)
 .debug_str     0x0000000000001332       0x33 ../Obj/mega328_T4_v2_st7565/Battery_check.o
                                        0x28b (size before relaxing)
 .debug_str     0x0000000000001365      0x175 ../Obj/mega328_T4_v2_st7565/CheckPins.o
                                        0x420 (size before relaxing)
 .debug_str     0x00000000000014da       0x33 ../Obj/mega328_T4_v2_st7565/GetResistance.o
                                        0x3a8 (size before relaxing)
 .debug_str     0x000000000000150d       0x2f ../Obj/mega328_T4_v2_st7565/ChargePin10ms.o
                                        0x1f6 (size before relaxing)
 .debug_str     0x000000000000153c       0x29 ../Obj/mega328_T4_v2_st7565/EntladePins.o
                                        0x224 (size before relaxing)
 .debug_str     0x0000000000001565       0xcd ../Obj/mega328_T4_v2_st7565/ReadCapacity.o
                                        0x434 (size before relaxing)
 .debug_str     0x0000000000001632       0x30 ../Obj/mega328_T4_v2_st7565/Calibrate_UR.o
                                        0x2b1 (size before relaxing)
 .debug_str     0x0000000000001662       0xef ../Obj/mega328_T4_v2_st7565/show_Resis_Cap.o
                                        0x54c (size before relaxing)
 .debug_str     0x0000000000001751       0x92 ../Obj/mega328_T4_v2_st7565/ReadInductance.o
                                        0x37e (size before relaxing)
 .debug_str     0x00000000000017e3       0x20 ../Obj/mega328_T4_v2_st7565/GetVloss.o
                                        0x2aa (size before relaxing)
 .debug_str     0x0000000000001803      0x12a ../Obj/mega328_T4_v2_st7565/function_menu.o
                                        0x5c6 (size before relaxing)
 .debug_str     0x000000000000192d       0x21 ../Obj/mega328_T4_v2_st7565/message_key_released.o
                                        0x218 (size before relaxing)
 .debug_str     0x000000000000194e       0x7f ../Obj/mega328_T4_v2_st7565/GetFrequency.o
                                        0x31d (size before relaxing)
 .debug_str     0x00000000000019cd       0x21 ../Obj/mega328_T4_v2_st7565/ReadBigCap.o
                                        0x30b (size before relaxing)
 .debug_str     0x00000000000019ee       0x32 ../Obj/mega328_T4_v2_st7565/ShowData.o
                                        0x39e (size before relaxing)
 .debug_str     0x0000000000001a20       0x60 ../Obj/mega328_T4_v2_st7565/sampling_cap.o
                                        0x36b (size before relaxing)
 .debug_str     0x0000000000001a80       0xc0 ../Obj/mega328_T4_v2_st7565/sampling_lc.o
                                        0x410 (size before relaxing)

.debug_loc      0x0000000000000000     0x6e79
 *(.debug_loc)
 .debug_loc     0x0000000000000000      0xb2b ../Obj/mega328_T4_v2_st7565/lcd-routines.o
 .debug_loc     0x0000000000000b2b      0x4c2 ../Obj/mega328_T4_v2_st7565/DisplayValue.o
 .debug_loc     0x0000000000000fed      0x11a ../Obj/mega328_T4_v2_st7565/lcd-draw.o
 .debug_loc     0x0000000000001107      0x1d7 ../Obj/mega328_T4_v2_st7565/wait_for_key_ms.o
 .debug_loc     0x00000000000012de      0x8d9 ../Obj/mega328_T4_v2_st7565/main.o
 .debug_loc     0x0000000000001bb7       0x8b ../Obj/mega328_T4_v2_st7565/Battery_check.o
 .debug_loc     0x0000000000001c42     0x1a2b ../Obj/mega328_T4_v2_st7565/CheckPins.o
 .debug_loc     0x000000000000366d      0x7eb ../Obj/mega328_T4_v2_st7565/GetResistance.o
 .debug_loc     0x0000000000003e58       0x72 ../Obj/mega328_T4_v2_st7565/ChargePin10ms.o
 .debug_loc     0x0000000000003eca      0x207 ../Obj/mega328_T4_v2_st7565/EntladePins.o
 .debug_loc     0x00000000000040d1      0x440 ../Obj/mega328_T4_v2_st7565/ReadCapacity.o
 .debug_loc     0x0000000000004511       0x72 ../Obj/mega328_T4_v2_st7565/Calibrate_UR.o
 .debug_loc     0x0000000000004583      0x35d ../Obj/mega328_T4_v2_st7565/show_Resis_Cap.o
 .debug_loc     0x00000000000048e0      0x3f5 ../Obj/mega328_T4_v2_st7565/ReadInductance.o
 .debug_loc     0x0000000000004cd5      0x229 ../Obj/mega328_T4_v2_st7565/GetVloss.o
 .debug_loc     0x0000000000004efe      0xa04 ../Obj/mega328_T4_v2_st7565/function_menu.o
 .debug_loc     0x0000000000005902       0xa9 ../Obj/mega328_T4_v2_st7565/message_key_released.o
 .debug_loc     0x00000000000059ab      0x349 ../Obj/mega328_T4_v2_st7565/GetFrequency.o
 .debug_loc     0x0000000000005cf4       0xf3 ../Obj/mega328_T4_v2_st7565/ReadBigCap.o
 .debug_loc     0x0000000000005de7      0x101 ../Obj/mega328_T4_v2_st7565/ShowData.o
 .debug_loc     0x0000000000005ee8      0x5dc ../Obj/mega328_T4_v2_st7565/sampling_cap.o
 .debug_loc     0x00000000000064c4      0x9b5 ../Obj/mega328_T4_v2_st7565/sampling_lc.o

.debug_macinfo
 *(.debug_macinfo)

.debug_weaknames
 *(.debug_weaknames)

.debug_funcnames
 *(.debug_funcnames)

.debug_typenames
 *(.debug_typenames)

.debug_varnames
 *(.debug_varnames)

.debug_pubtypes
 *(.debug_pubtypes)

.debug_ranges   0x0000000000000000      0x450
 *(.debug_ranges)
 .debug_ranges  0x0000000000000000      0x120 ../Obj/mega328_T4_v2_st7565/lcd-routines.o
 .debug_ranges  0x0000000000000120       0x28 ../Obj/mega328_T4_v2_st7565/DisplayValue.o
 .debug_ranges  0x0000000000000148       0x18 ../Obj/mega328_T4_v2_st7565/lcd-draw.o
 .debug_ranges  0x0000000000000160       0x38 ../Obj/mega328_T4_v2_st7565/wait_for_key_ms.o
 .debug_ranges  0x0000000000000198       0x88 ../Obj/mega328_T4_v2_st7565/main.o
 .debug_ranges  0x0000000000000220       0x10 ../Obj/mega328_T4_v2_st7565/Battery_check.o
 .debug_ranges  0x0000000000000230       0x18 ../Obj/mega328_T4_v2_st7565/CheckPins.o
 .debug_ranges  0x0000000000000248       0x10 ../Obj/mega328_T4_v2_st7565/GetResistance.o
 .debug_ranges  0x0000000000000258       0x10 ../Obj/mega328_T4_v2_st7565/ChargePin10ms.o
 .debug_ranges  0x0000000000000268       0x10 ../Obj/mega328_T4_v2_st7565/EntladePins.o
 .debug_ranges  0x0000000000000278       0x28 ../Obj/mega328_T4_v2_st7565/ReadCapacity.o
 .debug_ranges  0x00000000000002a0       0x10 ../Obj/mega328_T4_v2_st7565/Calibrate_UR.o
 .debug_ranges  0x00000000000002b0       0x38 ../Obj/mega328_T4_v2_st7565/show_Resis_Cap.o
 .debug_ranges  0x00000000000002e8       0x10 ../Obj/mega328_T4_v2_st7565/ReadInductance.o
 .debug_ranges  0x00000000000002f8       0x10 ../Obj/mega328_T4_v2_st7565/GetVloss.o
 .debug_ranges  0x0000000000000308       0x80 ../Obj/mega328_T4_v2_st7565/function_menu.o
 .debug_ranges  0x0000000000000388       0x10 ../Obj/mega328_T4_v2_st7565/message_key_released.o
 .debug_ranges  0x0000000000000398       0x30 ../Obj/mega328_T4_v2_st7565/GetFrequency.o
 .debug_ranges  0x00000000000003c8       0x10 ../Obj/mega328_T4_v2_st7565/ReadBigCap.o
 .debug_ranges  0x00000000000003d8       0x10 ../Obj/mega328_T4_v2_st7565/ShowData.o
 .debug_ranges  0x00000000000003e8       0x20 ../Obj/mega328_T4_v2_st7565/sampling_cap.o
 .debug_ranges  0x0000000000000408       0x48 ../Obj/mega328_T4_v2_st7565/sampling_lc.o

.debug_macro
 *(.debug_macro)
OUTPUT(../Obj/mega328_T4_v2_st7565/mega328_T4_v2_st7565.elf elf32-avr)
LOAD linker stubs
